[    0.000000] Linux version 4.15.0-88-generic (buildd@lgw01-amd64-036) (gcc version 7.4.0 (Ubuntu 7.4.0-1ubuntu1~18.04.1)) #88-Ubuntu SMP Tue Feb 11 20:11:34 UTC 2020 (Ubuntu 4.15.0-88.88-generic 4.15.18)
[    0.000000] Command line: BOOT_IMAGE=/boot/vmlinuz-4.15.0-88-generic root=LABEL=cloudimg-rootfs ro console=tty1 console=ttyS0
[    0.000000] KERNEL supported cpus:
[    0.000000]   Intel GenuineIntel
[    0.000000]   AMD AuthenticAMD
[    0.000000]   Centaur CentaurHauls
[    0.000000] x86/fpu: Supporting XSAVE feature 0x001: 'x87 floating point registers'
[    0.000000] x86/fpu: Supporting XSAVE feature 0x002: 'SSE registers'
[    0.000000] x86/fpu: Supporting XSAVE feature 0x004: 'AVX registers'
[    0.000000] x86/fpu: xstate_offset[2]:  576, xstate_sizes[2]:  256
[    0.000000] x86/fpu: Enabled xstate features 0x7, context size is 832 bytes, using 'standard' format.
[    0.000000] e820: BIOS-provided physical RAM map:
[    0.000000] BIOS-e820: [mem 0x0000000000000000-0x000000000009fbff] usable
[    0.000000] BIOS-e820: [mem 0x000000000009fc00-0x000000000009ffff] reserved
[    0.000000] BIOS-e820: [mem 0x00000000000f0000-0x00000000000fffff] reserved
[    0.000000] BIOS-e820: [mem 0x0000000000100000-0x000000003ffeffff] usable
[    0.000000] BIOS-e820: [mem 0x000000003fff0000-0x000000003fffffff] ACPI data
[    0.000000] BIOS-e820: [mem 0x00000000fec00000-0x00000000fec00fff] reserved
[    0.000000] BIOS-e820: [mem 0x00000000fee00000-0x00000000fee00fff] reserved
[    0.000000] BIOS-e820: [mem 0x00000000fffc0000-0x00000000ffffffff] reserved
[    0.000000] NX (Execute Disable) protection: active
[    0.000000] SMBIOS 2.5 present.
[    0.000000] DMI: innotek GmbH VirtualBox/VirtualBox, BIOS VirtualBox 12/01/2006
[    0.000000] Hypervisor detected: KVM
[    0.000000] e820: last_pfn = 0x3fff0 max_arch_pfn = 0x400000000
[    0.000000] MTRR: Disabled
[    0.000000] x86/PAT: MTRRs disabled, skipping PAT initialization too.
[    0.000000] CPU MTRRs all blank - virtualized system.
[    0.000000] x86/PAT: Configuration [0-7]: WB  WT  UC- UC  WB  WT  UC- UC  
[    0.000000] found SMP MP-table at [mem 0x0009fff0-0x0009ffff]
[    0.000000] Scanning 1 areas for low memory corruption
[    0.000000] RAMDISK: [mem 0x3595d000-0x36ca5fff]
[    0.000000] ACPI: Early table checksum verification disabled
[    0.000000] ACPI: RSDP 0x00000000000E0000 000024 (v02 VBOX  )
[    0.000000] ACPI: XSDT 0x000000003FFF0030 00003C (v01 VBOX   VBOXXSDT 00000001 ASL  00000061)
[    0.000000] ACPI: FACP 0x000000003FFF00F0 0000F4 (v04 VBOX   VBOXFACP 00000001 ASL  00000061)
[    0.000000] ACPI: DSDT 0x000000003FFF0470 0022EA (v02 VBOX   VBOXBIOS 00000002 INTL 20100528)
[    0.000000] ACPI: FACS 0x000000003FFF0200 000040
[    0.000000] ACPI: FACS 0x000000003FFF0200 000040
[    0.000000] ACPI: APIC 0x000000003FFF0240 00005C (v02 VBOX   VBOXAPIC 00000001 ASL  00000061)
[    0.000000] ACPI: SSDT 0x000000003FFF02A0 0001CC (v01 VBOX   VBOXCPUT 00000002 INTL 20100528)
[    0.000000] No NUMA configuration found
[    0.000000] Faking a node at [mem 0x0000000000000000-0x000000003ffeffff]
[    0.000000] NODE_DATA(0) allocated [mem 0x3ffc5000-0x3ffeffff]
[    0.000000] kvm-clock: cpu 0, msr 0:3ff44001, primary cpu clock
[    0.000000] kvm-clock: Using msrs 4b564d01 and 4b564d00
[    0.000000] kvm-clock: using sched offset of 4590502994 cycles
[    0.000000] clocksource: kvm-clock: mask: 0xffffffffffffffff max_cycles: 0x1cd42e4dffb, max_idle_ns: 881590591483 ns
[    0.000000] Zone ranges:
[    0.000000]   DMA      [mem 0x0000000000001000-0x0000000000ffffff]
[    0.000000]   DMA32    [mem 0x0000000001000000-0x000000003ffeffff]
[    0.000000]   Normal   empty
[    0.000000]   Device   empty
[    0.000000] Movable zone start for each node
[    0.000000] Early memory node ranges
[    0.000000]   node   0: [mem 0x0000000000001000-0x000000000009efff]
[    0.000000]   node   0: [mem 0x0000000000100000-0x000000003ffeffff]
[    0.000000] Reserved but unavailable: 98 pages
[    0.000000] Initmem setup node 0 [mem 0x0000000000001000-0x000000003ffeffff]
[    0.000000] ACPI: PM-Timer IO Port: 0x4008
[    0.000000] IOAPIC[0]: apic_id 2, version 32, address 0xfec00000, GSI 0-23
[    0.000000] ACPI: INT_SRC_OVR (bus 0 bus_irq 0 global_irq 2 dfl dfl)
[    0.000000] ACPI: INT_SRC_OVR (bus 0 bus_irq 9 global_irq 9 low level)
[    0.000000] Using ACPI (MADT) for SMP configuration information
[    0.000000] smpboot: Allowing 2 CPUs, 0 hotplug CPUs
[    0.000000] PM: Registered nosave memory: [mem 0x00000000-0x00000fff]
[    0.000000] PM: Registered nosave memory: [mem 0x0009f000-0x0009ffff]
[    0.000000] PM: Registered nosave memory: [mem 0x000a0000-0x000effff]
[    0.000000] PM: Registered nosave memory: [mem 0x000f0000-0x000fffff]
[    0.000000] e820: [mem 0x40000000-0xfebfffff] available for PCI devices
[    0.000000] Booting paravirtualized kernel on KVM
[    0.000000] clocksource: refined-jiffies: mask: 0xffffffff max_cycles: 0xffffffff, max_idle_ns: 7645519600211568 ns
[    0.000000] random: get_random_bytes called from start_kernel+0x99/0x4fd with crng_init=0
[    0.000000] setup_percpu: NR_CPUS:8192 nr_cpumask_bits:2 nr_cpu_ids:2 nr_node_ids:1
[    0.000000] percpu: Embedded 45 pages/cpu s147456 r8192 d28672 u1048576
[    0.000000] PV qspinlock hash table entries: 256 (order: 0, 4096 bytes)
[    0.000000] Built 1 zonelists, mobility grouping on.  Total pages: 257913
[    0.000000] Policy zone: DMA32
[    0.000000] Kernel command line: BOOT_IMAGE=/boot/vmlinuz-4.15.0-88-generic root=LABEL=cloudimg-rootfs ro console=tty1 console=ttyS0
[    0.000000] Memory: 982524K/1048120K available (12300K kernel code, 2481K rwdata, 4264K rodata, 2428K init, 2712K bss, 65596K reserved, 0K cma-reserved)
[    0.000000] SLUB: HWalign=64, Order=0-3, MinObjects=0, CPUs=2, Nodes=1
[    0.000000] Kernel/User page tables isolation: enabled
[    0.000000] ftrace: allocating 39344 entries in 154 pages
[    0.004000] Hierarchical RCU implementation.
[    0.004000] 	RCU restricting CPUs from NR_CPUS=8192 to nr_cpu_ids=2.
[    0.004000] 	Tasks RCU enabled.
[    0.004000] RCU: Adjusting geometry for rcu_fanout_leaf=16, nr_cpu_ids=2
[    0.004000] NR_IRQS: 524544, nr_irqs: 440, preallocated irqs: 16
[    0.004000] Console: colour VGA+ 80x25
[    0.004000] console [tty1] enabled
[    0.004000] console [ttyS0] enabled
[    0.004000] ACPI: Core revision 20170831
[    0.004000] ACPI: 2 ACPI AML tables successfully acquired and loaded
[    0.004000] APIC: Switch to symmetric I/O mode setup
[    0.004000] x2apic enabled
[    0.004000] Switched APIC routing to physical x2apic.
[    0.004000] ..TIMER: vector=0x30 apic1=0 pin1=2 apic2=-1 pin2=-1
[    0.004004] tsc: Detected 1799.999 MHz processor
[    0.008011] Calibrating delay loop (skipped) preset value.. 3599.99 BogoMIPS (lpj=7199996)
[    0.009963] pid_max: default: 32768 minimum: 301
[    0.011105] Security Framework initialized
[    0.012002] Yama: becoming mindful.
[    0.012886] AppArmor: AppArmor initialized
[    0.015890] Dentry cache hash table entries: 131072 (order: 8, 1048576 bytes)
[    0.016087] Inode-cache hash table entries: 65536 (order: 7, 524288 bytes)
[    0.017708] Mount-cache hash table entries: 2048 (order: 2, 16384 bytes)
[    0.020006] Mountpoint-cache hash table entries: 2048 (order: 2, 16384 bytes)
[    0.021933] Last level iTLB entries: 4KB 64, 2MB 8, 4MB 8
[    0.024002] Last level dTLB entries: 4KB 64, 2MB 0, 4MB 0, 1GB 4
[    0.025428] Spectre V1 : Mitigation: usercopy/swapgs barriers and __user pointer sanitization
[    0.027441] Spectre V2 : Mitigation: Full generic retpoline
[    0.028001] Spectre V2 : Spectre v2 / SpectreRSB mitigation: Filling RSB on context switch
[    0.029953] Speculative Store Bypass: Vulnerable
[    0.032048] MDS: Mitigation: Clear CPU buffers
[    0.033278] Freeing SMP alternatives memory: 36K
[    0.144222] smpboot: CPU0: Intel(R) Core(TM) i5-5350U CPU @ 1.80GHz (family: 0x6, model: 0x3d, stepping: 0x4)
[    0.147173] Performance Events: unsupported p6 CPU model 61 no PMU driver, software events only.
[    0.148039] Hierarchical SRCU implementation.
[    0.149742] NMI watchdog: Perf event create on CPU 0 failed with -2
[    0.152003] NMI watchdog: Perf NMI watchdog permanently disabled
[    0.153659] smp: Bringing up secondary CPUs ...
[    0.156094] x86: Booting SMP configuration:
[    0.157138] .... node  #0, CPUs:      #1
[    0.004000] kvm-clock: cpu 1, msr 0:3ff44041, secondary cpu clock
[    0.163621] smp: Brought up 1 node, 2 CPUs
[    0.164005] smpboot: Max logical packages: 1
[    0.165331] smpboot: Total of 2 processors activated (7199.99 BogoMIPS)
[    0.168130] devtmpfs: initialized
[    0.168997] x86/mm: Memory block size: 128MB
[    0.170391] evm: security.selinux
[    0.171350] evm: security.SMACK64
[    0.172003] evm: security.SMACK64EXEC
[    0.172913] evm: security.SMACK64TRANSMUTE
[    0.173910] evm: security.SMACK64MMAP
[    0.174812] evm: security.apparmor
[    0.176003] evm: security.ima
[    0.176760] evm: security.capability
[    0.177696] clocksource: jiffies: mask: 0xffffffff max_cycles: 0xffffffff, max_idle_ns: 7645041785100000 ns
[    0.180014] futex hash table entries: 512 (order: 3, 32768 bytes)
[    0.183166] pinctrl core: initialized pinctrl subsystem
[    0.184123] RTC time:  2:27:35, date: 03/05/20
[    0.185359] NET: Registered protocol family 16
[    0.186517] audit: initializing netlink subsys (disabled)
[    0.188039] audit: type=2000 audit(1583375261.113:1): state=initialized audit_enabled=0 res=1
[    0.190215] cpuidle: using governor ladder
[    0.192009] cpuidle: using governor menu
[    0.193011] ACPI: bus type PCI registered
[    0.193997] acpiphp: ACPI Hot Plug PCI Controller Driver version: 0.5
[    0.196124] PCI: Using configuration type 1 for base access
[    0.197624] HugeTLB registered 2.00 MiB page size, pre-allocated 0 pages
[    0.200116] ACPI: Added _OSI(Module Device)
[    0.201148] ACPI: Added _OSI(Processor Device)
[    0.204003] ACPI: Added _OSI(3.0 _SCP Extensions)
[    0.205138] ACPI: Added _OSI(Processor Aggregator Device)
[    0.206418] ACPI: Added _OSI(Linux-Dell-Video)
[    0.207491] ACPI: Added _OSI(Linux-Lenovo-NV-HDMI-Audio)
[    0.208005] ACPI: Added _OSI(Linux-HPI-Hybrid-Graphics)
[    0.209698] ACPI: Executed 1 blocks of module-level executable AML code
[    0.215461] ACPI: Interpreter enabled
[    0.216013] ACPI: (supports S0 S5)
[    0.217078] ACPI: Using IOAPIC for interrupt routing
[    0.218788] PCI: Using host bridge windows from ACPI; if necessary, use "pci=nocrs" and report a bug
[    0.220232] ACPI: Enabled 2 GPEs in block 00 to 07
[    0.230634] ACPI: PCI Root Bridge [PCI0] (domain 0000 [bus 00-ff])
[    0.232010] acpi PNP0A03:00: _OSC: OS supports [ASPM ClockPM Segments MSI]
[    0.234447] acpi PNP0A03:00: _OSC: not requesting OS control; OS requires [ExtendedConfig ASPM ClockPM MSI]
[    0.236014] acpi PNP0A03:00: fail to add MMCONFIG information, can't access extended PCI configuration space under this bridge.
[    0.240493] PCI host bridge to bus 0000:00
[    0.241659] pci_bus 0000:00: root bus resource [io  0x0000-0x0cf7 window]
[    0.244004] pci_bus 0000:00: root bus resource [io  0x0d00-0xffff window]
[    0.245595] pci_bus 0000:00: root bus resource [mem 0x000a0000-0x000bffff window]
[    0.247399] pci_bus 0000:00: root bus resource [mem 0x40000000-0xfdffffff window]
[    0.248003] pci_bus 0000:00: root bus resource [bus 00-ff]
[    0.254031] pci 0000:00:01.1: legacy IDE quirk: reg 0x10: [io  0x01f0-0x01f7]
[    0.256003] pci 0000:00:01.1: legacy IDE quirk: reg 0x14: [io  0x03f6]
[    0.257568] pci 0000:00:01.1: legacy IDE quirk: reg 0x18: [io  0x0170-0x0177]
[    0.259239] pci 0000:00:01.1: legacy IDE quirk: reg 0x1c: [io  0x0376]
[    0.284368] pci 0000:00:07.0: quirk: [io  0x4000-0x403f] claimed by PIIX4 ACPI
[    0.286469] pci 0000:00:07.0: quirk: [io  0x4100-0x410f] claimed by PIIX4 SMB
[    0.304621] ACPI: PCI Interrupt Link [LNKA] (IRQs 5 9 10 *11)
[    0.306630] ACPI: PCI Interrupt Link [LNKB] (IRQs 5 9 *10 11)
[    0.308167] ACPI: PCI Interrupt Link [LNKC] (IRQs 5 *9 10 11)
[    0.309984] ACPI: PCI Interrupt Link [LNKD] (IRQs 5 9 10 *11)
[    0.312375] SCSI subsystem initialized
[    0.313372] pci 0000:00:02.0: vgaarb: setting as boot VGA device
[    0.313667] pci 0000:00:02.0: vgaarb: VGA device added: decodes=io+mem,owns=io+mem,locks=none
[    0.316015] pci 0000:00:02.0: vgaarb: bridge control possible
[    0.317410] vgaarb: loaded
[    0.318215] ACPI: bus type USB registered
[    0.320023] usbcore: registered new interface driver usbfs
[    0.321559] usbcore: registered new interface driver hub
[    0.324035] usbcore: registered new device driver usb
[    0.325332] EDAC MC: Ver: 3.0.0
[    0.325332] PCI: Using ACPI for IRQ routing
[    0.328411] NetLabel: Initializing
[    0.329478] NetLabel:  domain hash size = 128
[    0.330636] NetLabel:  protocols = UNLABELED CIPSOv4 CALIPSO
[    0.332021] NetLabel:  unlabeled traffic allowed by default
[    0.333447] clocksource: Switched to clocksource kvm-clock
[    0.347791] VFS: Disk quotas dquot_6.6.0
[    0.349000] VFS: Dquot-cache hash table entries: 512 (order 0, 4096 bytes)
[    0.351018] AppArmor: AppArmor Filesystem Enabled
[    0.352296] pnp: PnP ACPI init
[    0.354594] pnp: PnP ACPI: found 3 devices
[    0.366653] clocksource: acpi_pm: mask: 0xffffff max_cycles: 0xffffff, max_idle_ns: 2085701024 ns
[    0.369236] NET: Registered protocol family 2
[    0.370507] TCP established hash table entries: 8192 (order: 4, 65536 bytes)
[    0.372182] TCP bind hash table entries: 8192 (order: 5, 131072 bytes)
[    0.375422] TCP: Hash tables configured (established 8192 bind 8192)
[    0.377036] UDP hash table entries: 512 (order: 2, 16384 bytes)
[    0.378436] UDP-Lite hash table entries: 512 (order: 2, 16384 bytes)
[    0.379968] NET: Registered protocol family 1
[    0.381132] pci 0000:00:00.0: Limiting direct PCI/PCI transfers
[    0.383183] pci 0000:00:01.0: Activating ISA DMA hang workarounds
[    0.384781] pci 0000:00:02.0: Video device with shadowed ROM at [mem 0x000c0000-0x000dffff]
[    0.387131] Unpacking initramfs...
[    0.695541] Freeing initrd memory: 19748K
[    0.697225] clocksource: tsc: mask: 0xffffffffffffffff max_cycles: 0x19f228ab7a2, max_idle_ns: 440795289252 ns
[    0.700120] platform rtc_cmos: registered platform RTC device (no PNP device found)
[    0.702021] Scanning for low memory corruption every 60 seconds
[    0.704220] Initialise system trusted keyrings
[    0.705513] Key type blacklist registered
[    0.706915] workingset: timestamp_bits=36 max_order=18 bucket_order=0
[    0.709504] zbud: loaded
[    0.710691] squashfs: version 4.0 (2009/01/31) Phillip Lougher
[    0.712296] fuse init (API version 7.26)
[    0.716555] Key type asymmetric registered
[    0.717657] Asymmetric key parser 'x509' registered
[    0.718868] Block layer SCSI generic (bsg) driver version 0.4 loaded (major 246)
[    0.720797] io scheduler noop registered
[    0.721940] io scheduler deadline registered
[    0.723104] io scheduler cfq registered (default)
[    0.725143] ACPI: AC Adapter [AC] (off-line)
[    0.726437] input: Power Button as /devices/LNXSYSTM:00/LNXPWRBN:00/input/input0
[    0.728418] ACPI: Power Button [PWRF]
[    0.729443] input: Sleep Button as /devices/LNXSYSTM:00/LNXSLPBN:00/input/input1
[    0.731223] ACPI: Sleep Button [SLPF]
[    0.733952] ACPI: Battery Slot [BAT0] (battery present)
[    0.735465] Serial: 8250/16550 driver, 32 ports, IRQ sharing enabled
[    0.759040] 00:02: ttyS0 at I/O 0x3f8 (irq = 4, base_baud = 115200) is a 16550A
[    0.766502] Linux agpgart interface v0.103
[    0.770851] loop: module loaded
[    0.772365] scsi host0: ata_piix
[    0.773561] scsi host1: ata_piix
[    0.774579] ata1: PATA max UDMA/33 cmd 0x1f0 ctl 0x3f6 bmdma 0xd000 irq 14
[    0.776364] ata2: PATA max UDMA/33 cmd 0x170 ctl 0x376 bmdma 0xd008 irq 15
[    0.778661] libphy: Fixed MDIO Bus: probed
[    0.779871] tun: Universal TUN/TAP device driver, 1.6
[    0.781733] PPP generic driver version 2.4.2
[    0.782883] ehci_hcd: USB 2.0 'Enhanced' Host Controller (EHCI) Driver
[    0.784496] ehci-pci: EHCI PCI platform driver
[    0.785637] ehci-platform: EHCI generic platform driver
[    0.787440] ohci_hcd: USB 1.1 'Open' Host Controller (OHCI) Driver
[    0.789104] ohci-pci: OHCI PCI platform driver
[    0.790200] ohci-platform: OHCI generic platform driver
[    0.791448] uhci_hcd: USB Universal Host Controller Interface driver
[    0.793030] i8042: PNP: PS/2 Controller [PNP0303:PS2K,PNP0f03:PS2M] at 0x60,0x64 irq 1,12
[    0.795432] serio: i8042 KBD port at 0x60,0x64 irq 1
[    0.796869] serio: i8042 AUX port at 0x60,0x64 irq 12
[    0.798688] mousedev: PS/2 mouse device common for all mice
[    0.801092] rtc_cmos rtc_cmos: rtc core: registered rtc_cmos as rtc0
[    0.802831] input: AT Translated Set 2 keyboard as /devices/platform/i8042/serio0/input/input2
[    0.805140] rtc_cmos rtc_cmos: alarms up to one day, 114 bytes nvram
[    0.806748] i2c /dev entries driver
[    0.807671] device-mapper: uevent: version 1.0.3
[    0.808952] device-mapper: ioctl: 4.37.0-ioctl (2017-09-20) initialised: dm-devel@redhat.com
[    0.811003] ledtrig-cpu: registered to indicate activity on CPUs
[    0.813013] NET: Registered protocol family 10
[    0.819507] Segment Routing with IPv6
[    0.820717] NET: Registered protocol family 17
[    0.821933] Key type dns_resolver registered
[    0.823299] mce: Using 0 MCE banks
[    0.824342] RAS: Correctable Errors collector initialized.
[    0.825971] sched_clock: Marking stable (824315497, 0)->(1084534230, -260218733)
[    0.828323] registered taskstats version 1
[    0.829338] Loading compiled-in X.509 certificates
[    0.833362] Loaded X.509 cert 'Build time autogenerated kernel key: f0020782f0d3a548186fb3f47aed88387a71e859'
[    0.836011] zswap: loaded using pool lzo/zbud
[    0.844625] Key type big_key registered
[    0.846077] Key type trusted registered
[    0.850292] Key type encrypted registered
[    0.851611] AppArmor: AppArmor sha1 policy hashing enabled
[    0.853045] ima: No TPM chip found, activating TPM-bypass! (rc=-19)
[    0.854595] ima: Allocated hash algorithm: sha1
[    0.856022] evm: HMAC attrs: 0x1
[    0.857352]   Magic number: 12:490:459
[    0.858422] rtc_cmos rtc_cmos: setting system clock to 2020-03-05 02:27:35 UTC (1583375255)
[    0.860742] BIOS EDD facility v0.16 2004-Jun-25, 0 devices found
[    0.862207] EDD information not available.
[    0.940626] Freeing unused kernel image memory: 2428K
[    0.948873] Write protecting the kernel read-only data: 20480k
[    0.953987] Freeing unused kernel image memory: 2008K
[    0.956522] Freeing unused kernel image memory: 1880K
[    0.965270] x86/mm: Checked W+X mappings: passed, no W+X pages found.
[    0.967237] x86/mm: Checking user space page tables
[    0.974830] x86/mm: Checked W+X mappings: passed, no W+X pages found.
Loading, please wait...
starting version 237
[    1.043850] e1000: Intel(R) PRO/1000 Network Driver - version 7.3.21-k8-NAPI
[    1.046295] e1000: Copyright (c) 1999-2006 Intel Corporation.
[    1.078444] AVX2 version of gcm_enc/dec engaged.
[    1.080068] AES CTR mode by8 optimization enabled
[    1.082041] Fusion MPT base driver 3.04.20
[    1.083081] Copyright (c) 1999-2008 LSI Corporation
[    1.101658] Fusion MPT SPI Host driver 3.04.20
[    1.116673] vboxvideo: loading out-of-tree module taints kernel.
[    1.118256] vboxvideo: module verification failed: signature and/or required key missing - tainting kernel
[    1.293517] input: ImExPS/2 Generic Explorer Mouse as /devices/platform/i8042/serio1/input/input4
[    1.485636] e1000 0000:00:03.0 eth0: (PCI:33MHz:32-bit) 02:12:4b:e9:82:8c
[    1.487435] e1000 0000:00:03.0 eth0: Intel(R) PRO/1000 Network Connection
[    1.913838] e1000 0000:00:08.0 eth1: (PCI:33MHz:32-bit) 08:00:27:7d:f8:9e
[    1.915744] e1000 0000:00:08.0 eth1: Intel(R) PRO/1000 Network Connection
[    1.919023] e1000 0000:00:03.0 enp0s3: renamed from eth0
[    1.924441] mptbase: ioc0: Initiating bringup
[    1.936886] e1000 0000:00:08.0 enp0s8: renamed from eth1
[    2.126866] ioc0: LSI53C1030 A0: Capabilities={Initiator}
[    3.096449] scsi host2: ioc0: LSI53C1030 A0, FwRev=00000000h, Ports=1, MaxQ=256, IRQ=20
[    3.365053] scsi 2:0:0:0: Direct-Access     VBOX     HARDDISK         1.0  PQ: 0 ANSI: 5
[    3.368809] [drm] VRAM 01000000
[    3.369858] [TTM] Zone  kernel: Available graphics memory: 504312 kiB
[    3.371381] [TTM] Initializing pool allocator
[    3.372493] [TTM] Initializing DMA pool allocator
[    3.375307] fbcon: vboxdrmfb (fb0) is primary device
[    3.377241] Console: switching to colour frame buffer device 100x37
[    3.380782] vboxvideo 0000:00:02.0: fb0: vboxdrmfb frame buffer device
[    3.405186] scsi target2:0:0: Beginning Domain Validation
[    3.406904] [drm] Initialized vboxvideo 1.0.0 20130823 for 0000:00:02.0 on minor 0
[    3.410276] scsi target2:0:0: Domain Validation skipping write tests
[    3.411574] scsi target2:0:0: Ending Domain Validation
[    3.412731] scsi target2:0:0: asynchronous
[    3.413999] scsi 2:0:1:0: Direct-Access     VBOX     HARDDISK         1.0  PQ: 0 ANSI: 5
[    3.454962] scsi target2:0:1: Beginning Domain Validation
[    3.459762] random: fast init done
[    3.460861] scsi target2:0:1: Domain Validation skipping write tests
[    3.462076] scsi target2:0:1: Ending Domain Validation
[    3.463298] scsi target2:0:1: asynchronous
[    3.468954] sd 2:0:0:0: Attached scsi generic sg0 type 0
[    3.468966] random: systemd-udevd: uninitialized urandom read (16 bytes read)
[    3.470420] sd 2:0:1:0: Attached scsi generic sg1 type 0
[    3.472655] random: systemd-udevd: uninitialized urandom read (16 bytes read)
[    3.475951] random: systemd-udevd: uninitialized urandom read (16 bytes read)
[    3.478070] sd 2:0:0:0: [sda] 20971520 512-byte logical blocks: (10.7 GB/10.0 GiB)
[    3.479947] sd 2:0:1:0: [sdb] 20480 512-byte logical blocks: (10.5 MB/10.0 MiB)
[    3.481734] sd 2:0:0:0: [sda] Write Protect is off
[    3.483013] sd 2:0:1:0: [sdb] Write Protect is off
[    3.484681] sd 2:0:0:0: [sda] Incomplete mode parameter data
[    3.484741] sd 2:0:1:0: [sdb] Incomplete mode parameter data
[    3.486171] sd 2:0:0:0: [sda] Assuming drive cache: write through
[    3.488111] sd 2:0:1:0: [sdb] Assuming drive cache: write through
[    3.491904]  sda: sda1
[    3.494216] sd 2:0:0:0: [sda] Attached SCSI disk
[    3.500511] sd 2:0:1:0: [sdb] Attached SCSI disk
Begin: Loading essential drivers ... [    3.708279] raid6: sse2x1   gen()  9580 MB/s
[    3.756948] raid6: sse2x1   xor()  6701 MB/s
[    3.804789] raid6: sse2x2   gen() 11425 MB/s
[    3.852015] raid6: sse2x2   xor()  7190 MB/s
[    3.900295] raid6: sse2x4   gen() 13550 MB/s
[    3.948277] raid6: sse2x4   xor()  8514 MB/s
[    4.002193] raid6: avx2x1   gen() 20987 MB/s
[    4.048266] raid6: avx2x1   xor() 12361 MB/s
[    4.096047] raid6: avx2x2   gen() 21652 MB/s
[    4.144290] raid6: avx2x2   xor() 12573 MB/s
[    4.192140] raid6: avx2x4   gen() 24502 MB/s
[    4.240063] raid6: avx2x4   xor() 11576 MB/s
[    4.242402] raid6: using algorithm avx2x4 gen() 24502 MB/s
[    4.245204] raid6: .... xor() 11576 MB/s, rmw enabled
[    4.247582] raid6: using avx2x2 recovery algorithm
[    4.253232] xor: automatically using best checksumming function   avx       
[    4.260642] async_tx: api initialized (async)
done.
Begin: Running /scripts/init-premount ... done.
Begin: Mounting root file system ... Begin: Running /scripts/local-top ... done.
Begin: Running /scripts/local-premount ... [    4.339990] Btrfs loaded, crc32c=crc32c-intel
Scanning for Btrfs filesystems
done.
Warning: fsck not present, so skipping root file system
[    4.400491] EXT4-fs (sda1): mounted filesystem with ordered data mode. Opts: (null)
done.
Begin: Running /scripts/local-bottom ... done.
Begin: Running /scripts/init-bottom ... done.
[    4.704523] ip_tables: (C) 2000-2006 Netfilter Core Team
[    4.728723] systemd[1]: systemd 237 running in system mode. (+PAM +AUDIT +SELINUX +IMA +APPARMOR +SMACK +SYSVINIT +UTMP +LIBCRYPTSETUP +GCRYPT +GNUTLS +ACL +XZ +LZ4 +SECCOMP +BLKID +ELFUTILS +KMOD -IDN2 +IDN -PCRE2 default-hierarchy=hybrid)
[    4.734864] systemd[1]: Detected virtualization oracle.
[    4.736320] systemd[1]: Detected architecture x86-64.

Welcome to [1mUbuntu 18.04.4 LTS[0m!

[    4.748429] systemd[1]: Set hostname to <ubuntu-bionic>.
[    5.423396] systemd[1]: Started Forward Password Requests to Wall Directory Watch.
[[0;32m  OK  [0m] Started Forward Password Requests to Wall Directory Watch.
[    5.439737] systemd[1]: Created slice System Slice.
[[0;32m  OK  [0m] Created slice System Slice.
[    5.444916] systemd[1]: Listening on Journal Audit Socket.
[[0;32m  OK  [0m] Listening on Journal Audit Socket.
[    5.452009] systemd[1]: Listening on Network Service Netlink Socket.
[[0;32m  OK  [0m] Listening on Network Service Netlink Socket.
[    5.475087] systemd[1]: Listening on Syslog Socket.
[[0;32m  OK  [0m] Listening on Syslog Socket.
[    5.478628] systemd[1]: Listening on udev Control Socket.
[[0;32m  OK  [0m] Listening on udev Control Socket.
[[0;32m  OK  [0m] Listening on udev Kernel Socket.
[[0;32m  OK  [0m] Listening on Device-mapper event daemon FIFOs.
[[0;32m  OK  [0m] Listening on Journal Socket.
         Starting Set the console keyboard layout...
         Mounting Kernel Debug File System...
         Starting Remount Root and Kernel File Systems...
[[0;32m  OK  [0m] Listening on LVM2 poll daemon socket.
         Mounting Huge Pages File System...
[[0;32m  OK  [0m] Created slice User and Session Slice.
         Starting Uncomplicated firewall...
         Starting Load Kernel Modules...
[[0;32m  OK  [0m] Reached target Slices.
[[0;32m  OK  [0m] Listening on LVM2 metadata daemon socket.
         Starting Monitoring of LVM2 mirrorsâ€¦ng dmeventd or progress polling...
[[0;32m  OK  [0m] Reached target System Time Synchronized.
[[0;32m  OK  [0m] Reached target Swap.
[[0;32m  OK  [0m] Reached target User and Group Name Lookups.
[[0;32m  OK  [0m] Set up automount Arbitrary Executabâ€¦rmats File System Automount Point.
[    5.555051] EXT4-fs (sda1): re-mounted. Opts: (null)
[    5.573178] Loading iSCSI transport class v2.0-870.
[    5.584969] iscsi: registered transport (tcp)
[[0;32m  OK  [0m] Created slice system-serial\x2dgetty.slice.
         Starting Create list of required stâ€¦ce nodes for the current kernel...
         Mounting POSIX Message Queue File System...
[[0;32m  OK  [0m] Listening on Journal Socket (/dev/log).
         Starting Journal Service...
[[0;32m  OK  [0m] Listening on /dev/initctl Compatibility Named Pipe.
         Starting udev Coldplug all Devices...
[[0;32m  OK  [0m] Mounted Kernel Debug File System.
[[0;32m  OK  [0m] Started Remount Root and Kernel File Systems.
[[0;32m  OK  [0m] Mounted Huge Pages File System.
[[0;32m  OK  [0m] Started Uncomplicated firewall.
[[0;32m  OK  [0m] Mounted POSIX Message Queue File System.
[    5.695282] iscsi: registered transport (iser)
         Starting Load/Save Random Seed...
[[0;32m  OK  [0m] Started Load Kernel Modules.
[[0;32m  OK  [0m] Started Create list of required staâ€¦vice nodes for the current kernel.
[[0;32m  OK  [0m] Started LVM2 metadata daemon.
         Starting Create Static Device Nodes in /dev...
         Mounting Kernel Configuration File System...
         Starting Apply Kernel Variables...
         Mounting FUSE Control File System...
[[0;32m  OK  [0m] Started Journal Service.
[[0;32m  OK  [0m] Started Load/Save Random Seed.
[[0;32m  OK  [0m] Started Create Static Device Nodes in /dev.
[[0;32m  OK  [0m] Mounted Kernel Configuration File System.
[[0;32m  OK  [0m] Mounted FUSE Control File System.
         Starting udev Kernel Device Manager...
         Starting Flush Journal to Persistent Storage...
[[0;32m  OK  [0m] Started udev Coldplug all Devices.
[[0;32m  OK  [0m] Started Monitoring of LVM2 mirrors,â€¦sing dmeventd or progress polling.
[[0;32m  OK  [0m] Started Apply Kernel Variables.
[[0;32m  OK  [0m] Started udev Kernel Device Manager.
[[0;32m  OK  [0m] Started Flush Journal to Persistent Storage.
[[0;32m  OK  [0m] Found device /dev/ttyS0.
[[0;32m  OK  [0m] Listening on Load/Save RF Kill Switch Status /dev/rfkill Watch.
[[0;32m  OK  [0m] Started Set the console keyboard layout.
[[0;32m  OK  [0m] Started Dispatch Password Requests to Console Directory Watch.
[[0;32m  OK  [0m] Reached target Local Encrypted Volumes.
[[0;32m  OK  [0m] Reached target Local File Systems (Pre).
[[0;32m  OK  [0m] Reached target Local File Systems.
         Starting AppArmor initialization...
         Starting Tell Plymouth To Write Out Runtime Data...
         Starting ebtables ruleset management...
         Starting Set console font and keymap...
         Starting Create Volatile Files and Directories...
[[0;32m  OK  [0m] Started Tell Plymouth To Write Out Runtime Data.
[[0;32m  OK  [0m] Started Set console font and keymap.
[[0;32m  OK  [0m] Started Create Volatile Files and Directories.
         Starting Update UTMP about System Boot/Shutdown...
[[0;32m  OK  [0m] Started Update UTMP about System Boot/Shutdown.
[[0;32m  OK  [0m] Started ebtables ruleset management.
[[0;32m  OK  [0m] Started AppArmor initialization.
         Starting Initial cloud-init job (pre-networking)...
[    9.879122] cloud-init[721]: Cloud-init v. 19.4-33-gbb4131a2-0ubuntu1~18.04.1 running 'init-local' at Thu, 05 Mar 2020 02:27:44 +0000. Up 9.57 seconds.
[[0;32m  OK  [0m] Started Initial cloud-init job (pre-networking).
[[0;32m  OK  [0m] Reached target Network (Pre).
         Starting Network Service...
[[0;32m  OK  [0m] Started Network Service.
         Starting Wait for Network to be Configured...
         Starting Network Name Resolution...
[[0;32m  OK  [0m] Started Network Name Resolution.
[[0;32m  OK  [0m] Reached target Network.
[[0;32m  OK  [0m] Reached target Host and Network Name Lookups.
[[0;32m  OK  [0m] Started Wait for Network to be Configured.
         Starting Initial cloud-init job (metadata service crawler)...
[   12.533736] cloud-init[828]: Cloud-init v. 19.4-33-gbb4131a2-0ubuntu1~18.04.1 running 'init' at Thu, 05 Mar 2020 02:27:46 +0000. Up 12.21 seconds.
[   12.538879] cloud-init[828]: ci-info: ++++++++++++++++++++++++++++++++++++++Net device info+++++++++++++++++++++++++++++++++++++++
[   12.542754] cloud-init[828]: ci-info: +--------+------+-----------------------------+---------------+--------+-------------------+
[   12.546796] cloud-init[828]: ci-info: | Device |  Up  |           Address           |      Mask     | Scope  |     Hw-Address    |
[   12.550170] cloud-init[828]: ci-info: +--------+------+-----------------------------+---------------+--------+-------------------+
[   12.554392] cloud-init[828]: ci-info: | enp0s3 | True |          10.0.2.15          | 255.255.255.0 | global | 02:12:4b:e9:82:8c |
[   12.558470] cloud-init[828]: ci-info: | enp0s3 | True |  fe80::12:4bff:fee9:828c/64 |       .       |  link  | 02:12:4b:e9:82:8c |
[   12.562668] cloud-init[828]: ci-info: | enp0s8 | True |        192.168.33.10        | 255.255.255.0 | global | 08:00:27:7d:f8:9e |
[   12.566591] cloud-init[828]: ci-info: | enp0s8 | True | fe80::a00:27ff:fe7d:f89e/64 |       .       |  link  | 08:00:27:7d:f8:9e |
[   12.570270] cloud-init[828]: ci-info: |   lo   | True |          127.0.0.1          |   255.0.0.0   |  host  |         .         |
[   12.575744] cloud-init[828]: ci-info: |   lo   | True |           ::1/128           |       .       |  host  |         .         |
[   12.580330] cloud-init[828]: ci-info: +--------+------+-----------------------------+---------------+--------+-------------------+
[   12.584411] cloud-init[828]: ci-info: +++++++++++++++++++++++++++++Route IPv4 info+++++++++++++++++++++++++++++
[   12.589301] cloud-init[828]: ci-info: +-------+--------------+----------+-----------------+-----------+-------+
[   12.593012] cloud-init[828]: ci-info: | Route | Destination  | Gateway  |     Genmask     | Interface | Flags |
[   12.601522] cloud-init[828]: ci-info: +-------+--------------+----------+-----------------+-----------+-------+
[   12.608448] cloud-init[828]: ci-info: |   0   |   0.0.0.0    | 10.0.2.2 |     0.0.0.0     |   enp0s3  |   UG  |
[   12.616123] cloud-init[828]: ci-info: |   1   |   10.0.2.0   | 0.0.0.0  |  255.255.255.0  |   enp0s3  |   U   |
[   12.623129] cloud-init[828]: ci-info: |   2   |   10.0.2.2   | 0.0.0.0  | 255.255.255.255 |   enp0s3  |   UH  |
[   12.629903] cloud-init[828]: ci-info: |   3   | 192.168.33.0 | 0.0.0.0  |  255.255.255.0  |   enp0s8  |   U   |
[   12.636955] cloud-init[828]: ci-info: +-------+--------------+----------+-----------------+-----------+-------+
[   12.643678] cloud-init[828]: ci-info: +++++++++++++++++++Route IPv6 info+++++++++++++++++++
[   12.649218] cloud-init[828]: ci-info: +-------+-------------+---------+-----------+-------+
[   12.655653] cloud-init[828]: ci-info: | Route | Destination | Gateway | Interface | Flags |
[   12.662691] cloud-init[828]: ci-info: +-------+-------------+---------+-----------+-------+
[   12.669450] cloud-init[828]: ci-info: |   1   |  fe80::/64  |    ::   |   enp0s8  |   U   |
[   12.677752] cloud-init[828]: ci-info: |   2   |  fe80::/64  |    ::   |   enp0s3  |   U   |
[   12.690057] cloud-init[828]: ci-info: |   4   |    local    |    ::   |   enp0s3  |   U   |
[   12.693092] cloud-init[828]: ci-info: |   5   |    local    |    ::   |   enp0s8  |   U   |
[   12.695321] cloud-init[828]: ci-info: |   6   |   ff00::/8  |    ::   |   enp0s8  |   U   |
[   12.697660] cloud-init[828]: ci-info: |   7   |   ff00::/8  |    ::   |   enp0s3  |   U   |
[   12.699702] cloud-init[828]: ci-info: +-------+-------------+---------+-----------+-------+
[[0;32m  OK  [0m] Started Initial cloud-init job (metadata service crawler).
[[0;32m  OK  [0m] Reached target System Initialization.
[[0;32m  OK  [0m] Started Message of the Day.
[[0;32m  OK  [0m] Listening on Open-iSCSI iscsid Socket.
[[0;32m  OK  [0m] Listening on UUID daemon activation socket.
         Starting LXD - unix socket.
         Starting Socket activation for snappy daemon.
[[0;32m  OK  [0m] Started Discard unused blocks once a week.
[[0;32m  OK  [0m] Started ACPI Events Check.
[[0;32m  OK  [0m] Reached target Paths.
[[0;32m  OK  [0m] Listening on ACPID Listen Socket.
[[0;32m  OK  [0m] Listening on D-Bus System Message Bus Socket.
[[0;32m  OK  [0m] Started Daily apt download activities.
[[0;32m  OK  [0m] Started Daily apt upgrade and clean activities.
[[0;32m  OK  [0m] Started Daily Cleanup of Temporary Directories.
[[0;32m  OK  [0m] Reached target Timers.
[[0;32m  OK  [0m] Reached target Network is Online.
         Starting Availability of block devices...
[[0;32m  OK  [0m] Reached target Remote File Systems (Pre).
[[0;32m  OK  [0m] Reached target Remote File Systems.
[[0;32m  OK  [0m] Reached target Cloud-config availability.
[[0;32m  OK  [0m] Listening on LXD - unix socket.
[[0;32m  OK  [0m] Listening on Socket activation for snappy daemon.
[[0;32m  OK  [0m] Started Availability of block devices.
[[0;32m  OK  [0m] Reached target Sockets.
[[0;32m  OK  [0m] Reached target Basic System.
         Starting Message of the Day...
         Starting Accounts Service...
         Starting vboxadd.service...
         Starting Snappy daemon...
         Starting Permit User Sessions...
         Starting LSB: automatic crash report generation...
[[0;32m  OK  [0m] Started FUSE filesystem for LXC.
[[0;32m  OK  [0m] Started irqbalance daemon.
         Starting Dispatcher daemon for systemd-networkd...
         Starting Login Service...
         Starting LSB: Record successful boot for GRUB...
         Starting OpenBSD Secure Shell server...
         Starting System Logging Service...
[[0;32m  OK  [0m] Started Regular background program processing daemon.
[[0;32m  OK  [0m] Started Deferred execution scheduler.
[[0;32m  OK  [0m] Started D-Bus System Message Bus.
[[0;32m  OK  [0m] Started Login Service.
[[0;32m  OK  [0m] Started Unattended Upgrades Shutdown.
         Starting LXD - container startup/shutdown...
[[0;32m  OK  [0m] Started System Logging Service.
[[0;32m  OK  [0m] Started Permit User Sessions.
         Starting Hold until boot process finishes up...
         Starting Terminate Plymouth Boot Screen...
[[0;32m  OK  [0m] Started Hold until boot process finishes up.
[[0;32m  OK  [0m] Started Terminate Plymouth Boot Screen.
         Starting Set console scheme...
[[0;32m  OK  [0m] Started Serial Getty on ttyS0.
[[0;32m  OK  [0m] Started OpenBSD Secure Shell server.
[[0;32m  OK  [0m] Started Set console scheme.
[[0;32m  OK  [0m] Created slice system-getty.slice.
[[0;32m  OK  [0m] Started Getty on tty1.
[[0;32m  OK  [0m] Reached target Login Prompts.
[[0;32m  OK  [0m] Started LSB: automatic crash report generation.
         Starting Authorization Manager...
[[0;32m  OK  [0m] Started LSB: Record successful boot for GRUB.
[[0;32m  OK  [0m] Created slice User Slice of vagrant.
[[0;32m  OK  [0m] Started Snappy daemon.
[[0;32m  OK  [0m] Started Authorization Manager.
[[0;32m  OK  [0m] Started Accounts Service.
[[0;32m  OK  [0m] Started Dispatcher daemon for systemd-networkd.
[[0;32m  OK  [0m] Started Session 1 of user vagrant.
         Starting Wait until snapd is fully seeded...
         Starting User Manager for UID 1000...
[[0;32m  OK  [0m] Started LXD - container startup/shutdown.
[[0;32m  OK  [0m] Started Wait until snapd is fully seeded.
         Starting Apply the settings specified in cloud-config...
[[0;32m  OK  [0m] Started User Manager for UID 1000.
[   16.732846] cloud-init[1238]: Cloud-init v. 19.4-33-gbb4131a2-0ubuntu1~18.04.1 running 'modules:config' at Thu, 05 Mar 2020 02:27:51 +0000. Up 16.46 seconds.
[[0;32m  OK  [0m] Started Apply the settings specified in cloud-config.
[[0;32m  OK  [0m] Started vboxadd.service.
         Starting vboxadd-service.service...
[[0;32m  OK  [0m] Started vboxadd-service.service.
[[0;32m  OK  [0m] Reached target Multi-User System.
         Starting Execute cloud user/final scripts...
[[0;32m  OK  [0m] Reached target Graphical Interface.
         Starting Update UTMP about System Runlevel Changes...
[[0;32m  OK  [0m] Started Update UTMP about System Runlevel Changes.
[   19.884859] cloud-init[1419]: Cloud-init v. 19.4-33-gbb4131a2-0ubuntu1~18.04.1 running 'modules:final' at Thu, 05 Mar 2020 02:27:54 +0000. Up 19.57 seconds.
[   19.885066] cloud-init[1419]: Cloud-init v. 19.4-33-gbb4131a2-0ubuntu1~18.04.1 finished at Thu, 05 Mar 2020 02:27:54 +0000. Datasource DataSourceNoCloud [seed=/dev/sdb][dsmode=net].  Up 19.85 seconds

Ubuntu 18.04.4 LTS ubuntu-bionic ttyS0

ubuntu-bionic login: [[0;32m  OK  [0m] Closed Load/Save RF Kill Switch Status /dev/rfkill Watch.
[[0;32m  OK  [0m] Stopped target Host and Network Name Lookups.
         Stopping User Manager for UID 1000...
         Stopping Availability of block devices...
[[0;32m  OK  [0m] Stopped target Timers.
[[0;32m  OK  [0m] Stopped Message of the Day.
[[0;32m  OK  [0m] Stopped Daily Cleanup of Temporary Directories.
[[0;32m  OK  [0m] Stopped Discard unused blocks once a week.
         Stopping Authorization Manager...
         Stopping Session 10 of user vagrant.
[[0;32m  OK  [0m] Stopped Daily apt upgrade and clean activities.
[[0;32m  OK  [0m] Stopped Daily apt download activities.
[[0;32m 
         Stopping Serial Getty on ttyS0...
         Stopping Getty on tty1...
         Stopping System Logging Service...
         Stopping FUSE filesystem for LXC...
         Stopping LSB: automatic crash report generation...
         Stopping D-Bus System Message Bus...
         Stopping vboxadd-service.service...
         Stopping Deferred execution scheduler...
         Stopping Unattended Upgrades Shutdown...
         Stopping Dispatcher daemon for systemd-networkd...
         Stopping LXD - container startup/shutdown...
         Stopping LSB: Record successful boot for GRUB...
[[0;32m  OK  [0m] Stopped Wait until snapd is fully seeded.
         Stopping Regular background program processing daemon...
         Stopping irqbalance daemon...
         Stopping OpenBSD Secure Shell server...
         Stopping Accounts Service...
[[0;32m  OK  [0m] Unmounted /var/lib/lxcfs.
[[0;32m  OK  [0m] Stopped irqbalance daemon.
[[0;32m  OK  [0m] Stopped Accounts Service.
[[0;32m  OK  [0m] Stopped Dispatcher daemon for systemd-networkd.
[[0;32m  OK  [0m] Stopped System Logging Service.
[[0;32m  OK  [0m] Stopped Regular background program processing daemon.
[[0;32m  OK  [0m] Stopped Deferred execution scheduler.
[[0;32m  OK  [0m] Stopped OpenBSD Secure Shell server.
[[0;32m  OK  [0m] Stopped Serial Getty on ttyS0.
[[0;32m  OK  [0m] Stopped Getty on tty1.
[[0;32m  OK  [0m] Stopped Unattended Upgrades Shutdown.
[[0;32m  OK  [0m] Stopped Authorization Manager.
[[0;32m  OK  [0m] Stopped User Manager for UID 1000.
[[0;32m  OK  [0m] Stopped D-Bus System Message Bus.
[[0;32m  OK  [0m] Stopped FUSE filesystem for LXC.
[[0;32m  OK  [0m] Stopped Availability of block devices.
[[0;32m  OK  [0m] Stopped Session 10 of user vagrant.
[[0;32m  OK  [0m] Stopped LXD - container startup/shutdown.
[[0;32m  OK  [0m] Stopped LSB: Record successful boot for GRUB.
[[0;32m  OK  [0m] Removed slice User Slice of vagrant.
         Stopping Login Service...
[[0;32m  OK  [0m] Removed slice system-getty.slice.
[[0;32m  OK  [0m] Removed slice system-serial\x2dgetty.slice.
         Stopping Permit User Sessions...
[[0;32m  OK  [0m] Stopped Permit User Sessions.
[[0;32m  OK  [0m] Stopped target Network.
         Stopping Network Name Resolution...
[[0;32m  OK  [0m] Stopped vboxadd-service.service.
[[0;32m  OK  [0m] Stopped LSB: automatic crash report generation.
[[0;32m  OK  [0m] Stopped target Remote File Systems.
[[0;32m  OK  [0m] Stopped target Remote File Systems (Pre).
         Stopping vboxadd.service...
[[0;32m  OK  [0m] Stopped Network Name Resolution.
         Stopping Network Service...
[[0;32m  OK  [0m] Stopped Login Service.
[[0;32m  OK  [0m] Stopped target User and Group Name Lookups.
[[0;32m  OK  [0m] Stopped Network Service.
[[0;32m  OK  [0m] Stopped target Network (Pre).
[[0;32m  OK  [0m] Unmounted /vagrant.
[[0;32m  OK  [0m] Stopped vboxadd.service.
[[0;32m  OK  [0m] Stopped target Basic System.
[[0;32m  OK  [0m] Stopped target Paths.
[[0;32m  OK  [0m] Stopped ACPI Events Check.
[[0;32m  OK  [0m] Stopped target Slices.
[[0;32m  OK  [0m] Removed slice User and Session Slice.
[[0;32m  OK  [0m] Stopped target Sockets.
[[0;32m  OK  [0m] Closed UUID daemon activation socket.
[[0;32m  OK  [0m] Closed ACPID Listen Socket.
[[0;32m  OK  [0m] Closed Socket activation for snappy daemon.
[[0;32m  OK  [0m] Closed Open-iSCSI iscsid Socket.
[[0;32m  OK  [0m] Closed Syslog Socket.
[[0;32m  OK  [0m] Closed LXD - unix socket.
[[0;32m  OK  [0m] Closed D-Bus System Message Bus Socket.
[[0;32m  OK  [0m] Stopped target System Initialization.
[[0;32m  OK  [0m] Stopped target Local Encrypted Volumes.
[[0;32m  OK  [0m] Stopped Dispatch Password Requests to Console Directory Watch.
[[0;32m  OK  [0m] Stopped Forward Password Requests to Wall Directory Watch.
         Stopping Update UTMP about System Boot/Shutdown...
         Stopping Load/Save Random Seed...
[[0;32m  OK  [0m] Stopped Initial cloud-init job (metadata service crawler).
[[0;32m  OK  [0m] Stopped Initial cloud-init job (pre-networking).
[[0;32m  OK  [0m] Stopped Apply Kernel Variables.
[[0;32m  OK  [0m] Stopped Load Kernel Modules.
[[0;32m  OK  [0m] Stopped Load/Save Random Seed.
[[0;32m  OK  [0m] Stopped Update UTMP about System Boot/Shutdown.
[[0;32m  OK  [0m] Stopped Create Volatile Files and Directories.
[[0;32m  OK  [0m] Stopped target Local File Systems.
         Unmounting /run/user/1000...
[[0;32m  OK  [0m] Unmounted /run/user/1000.
[[0;32m  OK  [0m] Reached target Unmount All Filesystems.
[[0;32m  OK  [0m] Stopped target Swap.
[[0;32m  OK  [0m] Stopped target Local File Systems (Pre).
         Stopping Monitoring of LVM2 mirrorsâ€¦ng dmeventd or progress polling...
[[0;32m  OK  [0m] Stopped Remount Root and Kernel File Systems.
[[0;32m  OK  [0m] Stopped Create Static Device Nodes in /dev.
[[0;32m  OK  [0m] Reached target Shutdown.
[[0;32m  OK  [0m] Reached target Final Step.
         Starting Power-Off...
[[0;32m  OK  [0m] Stopped Monitoring of LVM2 mirrors,â€¦sing dmeventd or progress polling.
         Stopping LVM2 metadata daemon...
[[0;32m  OK  [0m] Stopped LVM2 metadata daemon.
[14974.812117] reboot: Power down
